// Jest Snapshot v1, https://goo.gl/fbAQLP

exports[`MoviesList: Flatlist element renders correctly 1`] = `
<View
  style={
    Object {
      "height": "100%",
      "width": "100%",
    }
  }
>
  <RCTScrollView
    data={
      Array [
        Object {
          "data": Object {
            "id": 1,
            "poster_path": "poster1.png",
          },
          "title": "testTitle1",
        },
        Object {
          "data": Object {
            "id": 2,
            "poster_path": "poster2.png",
          },
          "title": "testTitle2",
        },
      ]
    }
    disableVirtualization={false}
    getItem={[Function]}
    getItemCount={[Function]}
    horizontal={false}
    initialNumToRender={10}
    keyExtractor={[Function]}
    maxToRenderPerBatch={10}
    onContentSizeChange={[Function]}
    onEndReachedThreshold={2}
    onLayout={[Function]}
    onMomentumScrollEnd={[Function]}
    onScroll={[Function]}
    onScrollBeginDrag={[Function]}
    onScrollEndDrag={[Function]}
    removeClippedSubviews={false}
    renderItem={[Function]}
    scrollEventThrottle={50}
    showsVerticalScrollIndicator={false}
    stickyHeaderIndices={Array []}
    testID="flatlist"
    updateCellsBatchingPeriod={50}
    viewabilityConfigCallbackPairs={Array []}
    windowSize={21}
  >
    <View>
      <View
        onLayout={[Function]}
        style={null}
      >
        <View
          style={
            Object {
              "borderBottomColor": "gray",
              "borderBottomWidth": 1,
              "flexDirection": "row",
              "height": 50,
              "justifyContent": "space-between",
              "marginVertical": 5,
            }
          }
        >
          <View
            style={
              Object {
                "height": "100%",
                "paddingLeft": 20,
                "width": "70%",
              }
            }
          >
            <Text>
              testTitle1
            </Text>
          </View>
          <View
            accessibilityRole="checkbox"
            accessibilityState={
              Object {
                "checked": false,
              }
            }
            accessible={true}
            focusable={false}
            onClick={[Function]}
            onResponderGrant={[Function]}
            onResponderMove={[Function]}
            onResponderRelease={[Function]}
            onResponderTerminate={[Function]}
            onResponderTerminationRequest={[Function]}
            onStartShouldSetResponder={[Function]}
            style={
              Object {
                "margin": 0,
                "marginLeft": 10,
                "marginRight": 10,
                "opacity": 1,
                "padding": 0,
              }
            }
            testID="checkBox"
          >
            <View
              style={
                Object {
                  "alignItems": "center",
                  "flexDirection": "row",
                }
              }
            >
              <Text
                allowFontScaling={false}
                onPress={[Function]}
                style={
                  Array [
                    Object {
                      "color": "#bfbfbf",
                      "fontSize": 40,
                    },
                    Object {
                      "minWidth": 40,
                    },
                    Object {
                      "fontFamily": "FontAwesome",
                      "fontStyle": "normal",
                      "fontWeight": "normal",
                    },
                    Object {},
                  ]
                }
              >
                
              </Text>
              <Text
                style={
                  Object {
                    "color": "#43484d",
                    "fontWeight": "bold",
                    "marginLeft": 10,
                    "marginRight": 10,
                  }
                }
                testID="checkboxTitle"
                theme={
                  Object {
                    "colors": Object {
                      "disabled": "hsl(208, 8%, 90%)",
                      "divider": "#bcbbc1",
                      "error": "#ff190c",
                      "grey0": "#393e42",
                      "grey1": "#43484d",
                      "grey2": "#5e6977",
                      "grey3": "#86939e",
                      "grey4": "#bdc6cf",
                      "grey5": "#e1e8ee",
                      "greyOutline": "#bbb",
                      "platform": Object {
                        "android": Object {
                          "error": "#f44336",
                          "primary": "#2196f3",
                          "secondary": "#9C27B0",
                          "success": "#4caf50",
                          "warning": "#ffeb3b",
                        },
                        "ios": Object {
                          "error": "#ff3b30",
                          "primary": "#007aff",
                          "secondary": "#5856d6",
                          "success": "#4cd964",
                          "warning": "#ffcc00",
                        },
                      },
                      "primary": "#2089dc",
                      "searchBg": "#303337",
                      "secondary": "#8F0CE8",
                      "success": "#52c41a",
                      "warning": "#faad14",
                    },
                  }
                }
              >
                
              </Text>
            </View>
          </View>
        </View>
      </View>
      <View
        onLayout={[Function]}
        style={null}
      >
        <View
          style={
            Object {
              "borderBottomColor": "gray",
              "borderBottomWidth": 1,
              "flexDirection": "row",
              "height": 50,
              "justifyContent": "space-between",
              "marginVertical": 5,
            }
          }
        >
          <View
            style={
              Object {
                "height": "100%",
                "paddingLeft": 20,
                "width": "70%",
              }
            }
          >
            <Text>
              testTitle2
            </Text>
          </View>
          <View
            accessibilityRole="checkbox"
            accessibilityState={
              Object {
                "checked": false,
              }
            }
            accessible={true}
            focusable={false}
            onClick={[Function]}
            onResponderGrant={[Function]}
            onResponderMove={[Function]}
            onResponderRelease={[Function]}
            onResponderTerminate={[Function]}
            onResponderTerminationRequest={[Function]}
            onStartShouldSetResponder={[Function]}
            style={
              Object {
                "margin": 0,
                "marginLeft": 10,
                "marginRight": 10,
                "opacity": 1,
                "padding": 0,
              }
            }
            testID="checkBox"
          >
            <View
              style={
                Object {
                  "alignItems": "center",
                  "flexDirection": "row",
                }
              }
            >
              <Text
                allowFontScaling={false}
                onPress={[Function]}
                style={
                  Array [
                    Object {
                      "color": "#bfbfbf",
                      "fontSize": 40,
                    },
                    Object {
                      "minWidth": 40,
                    },
                    Object {
                      "fontFamily": "FontAwesome",
                      "fontStyle": "normal",
                      "fontWeight": "normal",
                    },
                    Object {},
                  ]
                }
              >
                
              </Text>
              <Text
                style={
                  Object {
                    "color": "#43484d",
                    "fontWeight": "bold",
                    "marginLeft": 10,
                    "marginRight": 10,
                  }
                }
                testID="checkboxTitle"
                theme={
                  Object {
                    "colors": Object {
                      "disabled": "hsl(208, 8%, 90%)",
                      "divider": "#bcbbc1",
                      "error": "#ff190c",
                      "grey0": "#393e42",
                      "grey1": "#43484d",
                      "grey2": "#5e6977",
                      "grey3": "#86939e",
                      "grey4": "#bdc6cf",
                      "grey5": "#e1e8ee",
                      "greyOutline": "#bbb",
                      "platform": Object {
                        "android": Object {
                          "error": "#f44336",
                          "primary": "#2196f3",
                          "secondary": "#9C27B0",
                          "success": "#4caf50",
                          "warning": "#ffeb3b",
                        },
                        "ios": Object {
                          "error": "#ff3b30",
                          "primary": "#007aff",
                          "secondary": "#5856d6",
                          "success": "#4cd964",
                          "warning": "#ffcc00",
                        },
                      },
                      "primary": "#2089dc",
                      "searchBg": "#303337",
                      "secondary": "#8F0CE8",
                      "success": "#52c41a",
                      "warning": "#faad14",
                    },
                  }
                }
              >
                
              </Text>
            </View>
          </View>
        </View>
      </View>
    </View>
  </RCTScrollView>
</View>
`;
