// Jest Snapshot v1, https://goo.gl/fbAQLP

exports[`Card Component renders the image with the test URI 1`] = `
<View>
  <View
    accessibilityIgnoresInvertColors={true}
    style={
      Object {
        "height": "100%",
        "width": "100%",
      }
    }
  >
    <Image
      source={
        Object {
          "uri": "http://image.tmdb.org/t/p/w185/test",
        }
      }
      style={
        Array [
          Object {
            "bottom": 0,
            "left": 0,
            "position": "absolute",
            "right": 0,
            "top": 0,
          },
          Object {
            "height": "100%",
            "width": "100%",
          },
          Object {
            "borderRadius": 10,
          },
        ]
      }
      testID="image"
    />
  </View>
</View>
`;
